
Clover EFI installer log - Sun Jul 12 17:25:39 -04 2020
Installer version: r5119 (commit: 0f5da727e) EFI bootloader
======================================================
/dev/disk0 (internal, physical):
   #:                       TYPE NAME                    SIZE       IDENTIFIER
   0:      GUID_partition_scheme                        *1.0 TB     disk0
   1:                        EFI EFI                     209.7 MB   disk0s1
   2:                 Apple_APFS Container disk1         999.9 GB   disk0s2

/dev/disk1 (synthesized):
   #:                       TYPE NAME                    SIZE       IDENTIFIER
   0:      APFS Container Scheme -                      +999.9 GB   disk1
                                 Physical Store disk0s2
   1:                APFS Volume Samsung EVO 970 1TB ... 127.3 GB   disk1s1
   2:                APFS Volume Preboot                 82.0 MB    disk1s2
   3:                APFS Volume Recovery                528.5 MB   disk1s3
   4:                APFS Volume VM                      3.2 GB     disk1s4
   5:                APFS Volume Samsung EVO 970 1TB     10.7 GB    disk1s5

Target volume /Volumes/Samsung EVO 970 1TB on disk1 is APFS on physical store disk0s2
======================================================
Backing up EFI files

Backing up /Volumes/Samsung EVO 970 1TB/EFIROOTDIR/EFI folder to /Volumes/Samsung EVO 970 1TB/EFI-Backups/r5118/2020-07-12-17h25/EFI
======================================================
Installing BootSectors/BootLoader

Stage 0 - Don't write any of boot0af, boot0md, boot0ss to /
Stage 1 - Don't write any of boot1h2, boot1f32alt, boot1xalt to /

======================================================
=========== Clover EFI Installation Finish ===========
======================================================
